Fastest time for car at 4899 to the emergency at 0 is 5924 minutes.
