Fastest time for car at 7 to the emergency at 0 is 7 minutes.
