Fastest time for car at 0 to the emergency at 3 is 6 minutes.
