Fastest time for car at 999 to the emergency at 0 is 1227 minutes.
