Fastest time for car at 0 to the emergency at 1999 is 11 minutes.
