Fastest time for car at 0 to the emergency at 499 is 41 minutes.
