/rdf:RDF/pgterms:etext[0]/dc:creator did not find a node in books1.xml
