Fastest time for car at 0 to the emergency at 999 is 314 minutes.
