Fastest time for car at 0 to the emergency at 100 is 200 minutes.
