/rdf:RDF/foo[2]/bar did not find a node in books1.xml
