&pg; A History of the Early Part of the Reign of James the Second Fox, Charles
James, 1749-1806 Morley, Henry, 1822-1894 [Editor] A History of the Early Part
of the Reign of James en Great Britain -- History -- James II, 1685-1688 DA
2003-07-01 17
