Fastest time for car at 0 to the emergency at 5 is 31 minutes.
