Fastest time for car at 0 to the emergency at 4999 is 53 minutes.
