There is no way for the car at 0 to reach the emergency at 3
