Fastest time for car at 310 to the emergency at 1746 is 36 minutes.
