Fastest time for car at 0 to the emergency at 99 is 9 minutes.
