/rdf:RDF/pgterms:etext/dc:creator[2] did not find a node in books1.xml
